// Jest Snapshot v1, https://goo.gl/fbAQLP

exports[`DataTable.vue renders correctly 1`] = `
<div
  classname="animated"
>
  <bcard-stub
    bodytag="div"
    footertag="div"
    headertag="div"
    subtitletag="h6"
    tag="div"
    titletag="h4"
  >
    <bcardheader-stub
      headertag="div"
    >
      <i
        class="icon-menu mr-1"
      />
      Data Table
      
      <a
        class="badge badge-danger"
        href="https://coreui.io/pro/vue/"
      >
        CoreUI Pro
      </a>
       
      <div
        class="card-header-actions"
      >
        <a
          classname="card-header-action"
          href="https://github.com/matfish2/vue-tables-2"
          rel="noopener noreferrer"
          target="_blank"
        >
          <small
            classname="text-muted"
          >
            docs
          </small>
        </a>
      </div>
    </bcardheader-stub>
     
    <bcardbody-stub
      bodytag="div"
      subtitletag="h6"
      titletag="h4"
    >
      <v-client-table-stub
        columns="name,code,uri"
        data="[object Object],[object Object],[object Object],[object Object],[object Object],[object Object],[object Object],[object Object],[object Object],[object Object],[object Object],[object Object],[object Object],[object Object],[object Object],[object Object],[object Object],[object Object],[object Object],[object Object],[object Object],[object Object],[object Object],[object Object],[object Object],[object Object],[object Object],[object Object],[object Object],[object Object],[object Object],[object Object],[object Object],[object Object],[object Object],[object Object],[object Object],[object Object],[object Object],[object Object],[object Object],[object Object],[object Object],[object Object],[object Object],[object Object],[object Object],[object Object],[object Object],[object Object]"
        id="dataTable"
        options="[object Object]"
        theme="bootstrap4"
      />
    </bcardbody-stub>
  </bcard-stub>
</div>
`;
